// Jest Snapshot v1, https://goo.gl/fbAQLP

exports[`Tests Listing component renders properly 1`] = `ShallowWrapper {}`;
